Archive member included to satisfy reference by file (symbol)

c:/st/stm32cubeide_1.6.0/stm32cubeide/plugins/com.st.stm32cube.ide.mcu.externaltools.gnu-tools-for-stm32.9-2020-q2-update.win32_1.5.0.202011040924/tools/bin/../lib/gcc/arm-none-eabi/9.3.1/../../../../arm-none-eabi/lib/thumb/v7e-m+fp/hard\libc_nano.a(lib_a-errno.o)
                              Src/syscalls.o (__errno)
c:/st/stm32cubeide_1.6.0/stm32cubeide/plugins/com.st.stm32cube.ide.mcu.externaltools.gnu-tools-for-stm32.9-2020-q2-update.win32_1.5.0.202011040924/tools/bin/../lib/gcc/arm-none-eabi/9.3.1/../../../../arm-none-eabi/lib/thumb/v7e-m+fp/hard\libc_nano.a(lib_a-exit.o)
                              c:/st/stm32cubeide_1.6.0/stm32cubeide/plugins/com.st.stm32cube.ide.mcu.externaltools.gnu-tools-for-stm32.9-2020-q2-update.win32_1.5.0.202011040924/tools/bin/../lib/gcc/arm-none-eabi/9.3.1/../../../../arm-none-eabi/lib/thumb/v7e-m+fp/hard/crt0.o (exit)
c:/st/stm32cubeide_1.6.0/stm32cubeide/plugins/com.st.stm32cube.ide.mcu.externaltools.gnu-tools-for-stm32.9-2020-q2-update.win32_1.5.0.202011040924/tools/bin/../lib/gcc/arm-none-eabi/9.3.1/../../../../arm-none-eabi/lib/thumb/v7e-m+fp/hard\libc_nano.a(lib_a-impure.o)
                              c:/st/stm32cubeide_1.6.0/stm32cubeide/plugins/com.st.stm32cube.ide.mcu.externaltools.gnu-tools-for-stm32.9-2020-q2-update.win32_1.5.0.202011040924/tools/bin/../lib/gcc/arm-none-eabi/9.3.1/../../../../arm-none-eabi/lib/thumb/v7e-m+fp/hard\libc_nano.a(lib_a-exit.o) (_global_impure_ptr)
c:/st/stm32cubeide_1.6.0/stm32cubeide/plugins/com.st.stm32cube.ide.mcu.externaltools.gnu-tools-for-stm32.9-2020-q2-update.win32_1.5.0.202011040924/tools/bin/../lib/gcc/arm-none-eabi/9.3.1/../../../../arm-none-eabi/lib/thumb/v7e-m+fp/hard\libc_nano.a(lib_a-init.o)
                              c:/st/stm32cubeide_1.6.0/stm32cubeide/plugins/com.st.stm32cube.ide.mcu.externaltools.gnu-tools-for-stm32.9-2020-q2-update.win32_1.5.0.202011040924/tools/bin/../lib/gcc/arm-none-eabi/9.3.1/../../../../arm-none-eabi/lib/thumb/v7e-m+fp/hard/crt0.o (__libc_init_array)
c:/st/stm32cubeide_1.6.0/stm32cubeide/plugins/com.st.stm32cube.ide.mcu.externaltools.gnu-tools-for-stm32.9-2020-q2-update.win32_1.5.0.202011040924/tools/bin/../lib/gcc/arm-none-eabi/9.3.1/../../../../arm-none-eabi/lib/thumb/v7e-m+fp/hard\libc_nano.a(lib_a-memset.o)
                              c:/st/stm32cubeide_1.6.0/stm32cubeide/plugins/com.st.stm32cube.ide.mcu.externaltools.gnu-tools-for-stm32.9-2020-q2-update.win32_1.5.0.202011040924/tools/bin/../lib/gcc/arm-none-eabi/9.3.1/../../../../arm-none-eabi/lib/thumb/v7e-m+fp/hard/crt0.o (memset)
c:/st/stm32cubeide_1.6.0/stm32cubeide/plugins/com.st.stm32cube.ide.mcu.externaltools.gnu-tools-for-stm32.9-2020-q2-update.win32_1.5.0.202011040924/tools/bin/../lib/gcc/arm-none-eabi/9.3.1/../../../../arm-none-eabi/lib/thumb/v7e-m+fp/hard\libc_nano.a(lib_a-puts.o)
                              Src/main.o (puts)
c:/st/stm32cubeide_1.6.0/stm32cubeide/plugins/com.st.stm32cube.ide.mcu.externaltools.gnu-tools-for-stm32.9-2020-q2-update.win32_1.5.0.202011040924/tools/bin/../lib/gcc/arm-none-eabi/9.3.1/../../../../arm-none-eabi/lib/thumb/v7e-m+fp/hard\libc_nano.a(lib_a-wbuf.o)
                              c:/st/stm32cubeide_1.6.0/stm32cubeide/plugins/com.st.stm32cube.ide.mcu.externaltools.gnu-tools-for-stm32.9-2020-q2-update.win32_1.5.0.202011040924/tools/bin/../lib/gcc/arm-none-eabi/9.3.1/../../../../arm-none-eabi/lib/thumb/v7e-m+fp/hard\libc_nano.a(lib_a-puts.o) (__swbuf_r)
c:/st/stm32cubeide_1.6.0/stm32cubeide/plugins/com.st.stm32cube.ide.mcu.externaltools.gnu-tools-for-stm32.9-2020-q2-update.win32_1.5.0.202011040924/tools/bin/../lib/gcc/arm-none-eabi/9.3.1/../../../../arm-none-eabi/lib/thumb/v7e-m+fp/hard\libc_nano.a(lib_a-wsetup.o)
                              c:/st/stm32cubeide_1.6.0/stm32cubeide/plugins/com.st.stm32cube.ide.mcu.externaltools.gnu-tools-for-stm32.9-2020-q2-update.win32_1.5.0.202011040924/tools/bin/../lib/gcc/arm-none-eabi/9.3.1/../../../../arm-none-eabi/lib/thumb/v7e-m+fp/hard\libc_nano.a(lib_a-puts.o) (__swsetup_r)
c:/st/stm32cubeide_1.6.0/stm32cubeide/plugins/com.st.stm32cube.ide.mcu.externaltools.gnu-tools-for-stm32.9-2020-q2-update.win32_1.5.0.202011040924/tools/bin/../lib/gcc/arm-none-eabi/9.3.1/../../../../arm-none-eabi/lib/thumb/v7e-m+fp/hard\libc_nano.a(lib_a-fflush.o)
                              c:/st/stm32cubeide_1.6.0/stm32cubeide/plugins/com.st.stm32cube.ide.mcu.externaltools.gnu-tools-for-stm32.9-2020-q2-update.win32_1.5.0.202011040924/tools/bin/../lib/gcc/arm-none-eabi/9.3.1/../../../../arm-none-eabi/lib/thumb/v7e-m+fp/hard\libc_nano.a(lib_a-wbuf.o) (_fflush_r)
c:/st/stm32cubeide_1.6.0/stm32cubeide/plugins/com.st.stm32cube.ide.mcu.externaltools.gnu-tools-for-stm32.9-2020-q2-update.win32_1.5.0.202011040924/tools/bin/../lib/gcc/arm-none-eabi/9.3.1/../../../../arm-none-eabi/lib/thumb/v7e-m+fp/hard\libc_nano.a(lib_a-findfp.o)
[...]
Memory Configuration

Name             Origin             Length             Attributes
RAM              0x0000000020000000 0x0000000000020000 xrw
FLASH            0x0000000008000000 0x0000000000100000 xr
*default*        0x0000000000000000 0xffffffffffffffff

Linker script and memory map

LOAD c:/st/stm32cubeide_1.6.0/stm32cubeide/plugins/com.st.stm32cube.ide.mcu.externaltools.gnu-tools-for-stm32.9-2020-q2-update.win32_1.5.0.202011040924/tools/bin/../lib/gcc/arm-none-eabi/9.3.1/thumb/v7e-m+fp/hard/crti.o
LOAD c:/st/stm32cubeide_1.6.0/stm32cubeide/plugins/com.st.stm32cube.ide.mcu.externaltools.gnu-tools-for-stm32.9-2020-q2-update.win32_1.5.0.202011040924/tools/bin/../lib/gcc/arm-none-eabi/9.3.1/thumb/v7e-m+fp/hard/crtbegin.o
LOAD c:/st/stm32cubeide_1.6.0/stm32cubeide/plugins/com.st.stm32cube.ide.mcu.externaltools.gnu-tools-for-stm32.9-2020-q2-update.win32_1.5.0.202011040924/tools/bin/../lib/gcc/arm-none-eabi/9.3.1/../../../../arm-none-eabi/lib/thumb/v7e-m+fp/hard/crt0.o
LOAD Src/led.o
LOAD Src/main.o
LOAD Src/syscalls.o
LOAD Src/sysmem.o
LOAD Src/timebase.o
LOAD Src/uart.o
LOAD Startup/startup_stm32f407vgtx.o
START GROUP
LOAD c:/st/stm32cubeide_1.6.0/stm32cubeide/plugins/com.st.stm32cube.ide.mcu.externaltools.gnu-tools-for-stm32.9-2020-q2-update.win32_1.5.0.202011040924/tools/bin/../lib/gcc/arm-none-eabi/9.3.1/../../../../arm-none-eabi/lib/thumb/v7e-m+fp/hard\libc_nano.a
LOAD c:/st/stm32cubeide_1.6.0/stm32cubeide/plugins/com.st.stm32cube.ide.mcu.externaltools.gnu-tools-for-stm32.9-2020-q2-update.win32_1.5.0.202011040924/tools/bin/../lib/gcc/arm-none-eabi/9.3.1/../../../../arm-none-eabi/lib/thumb/v7e-m+fp/hard\libm.a
END GROUP
START GROUP
LOAD c:/st/stm32cubeide_1.6.0/stm32cubeide/plugins/com.st.stm32cube.ide.mcu.externaltools.gnu-tools-for-stm32.9-2020-q2-update.win32_1.5.0.202011040924/tools/bin/../lib/gcc/arm-none-eabi/9.3.1/thumb/v7e-m+fp/hard\libgcc.a
LOAD c:/st/stm32cubeide_1.6.0/stm32cubeide/plugins/com.st.stm32cube.ide.mcu.externaltools.gnu-tools-for-stm32.9-2020-q2-update.win32_1.5.0.202011040924/tools/bin/../lib/gcc/arm-none-eabi/9.3.1/../../../../arm-none-eabi/lib/thumb/v7e-m+fp/hard\libc_nano.a
END GROUP
START GROUP
LOAD c:/st/stm32cubeide_1.6.0/stm32cubeide/plugins/com.st.stm32cube.ide.mcu.externaltools.gnu-tools-for-stm32.9-2020-q2-update.win32_1.5.0.202011040924/tools/bin/../lib/gcc/arm-none-eabi/9.3.1/thumb/v7e-m+fp/hard\libgcc.a
LOAD c:/st/stm32cubeide_1.6.0/stm32cubeide/plugins/com.st.stm32cube.ide.mcu.externaltools.gnu-tools-for-stm32.9-2020-q2-update.win32_1.5.0.202011040924/tools/bin/../lib/gcc/arm-none-eabi/9.3.1/../../../../arm-none-eabi/lib/thumb/v7e-m+fp/hard\libc_nano.a
LOAD c:/st/stm32cubeide_1.6.0/stm32cubeide/plugins/com.st.stm32cube.ide.mcu.externaltools.gnu-tools-for-stm32.9-2020-q2-update.win32_1.5.0.202011040924/tools/bin/../lib/gcc/arm-none-eabi/9.3.1/../../../../arm-none-eabi/lib/thumb/v7e-m+fp/hard\libnosys.a
END GROUP
START GROUP
LOAD c:/st/stm32cubeide_1.6.0/stm32cubeide/plugins/com.st.stm32cube.ide.mcu.externaltools.gnu-tools-for-stm32.9-2020-q2-update.win32_1.5.0.202011040924/tools/bin/../lib/gcc/arm-none-eabi/9.3.1/thumb/v7e-m+fp/hard\libgcc.a
LOAD c:/st/stm32cubeide_1.6.0/stm32cubeide/plugins/com.st.stm32cube.ide.mcu.externaltools.gnu-tools-for-stm32.9-2020-q2-update.win32_1.5.0.202011040924/tools/bin/../lib/gcc/arm-none-eabi/9.3.1/../../../../arm-none-eabi/lib/thumb/v7e-m+fp/hard\libc_nano.a
LOAD c:/st/stm32cubeide_1.6.0/stm32cubeide/plugins/com.st.stm32cube.ide.mcu.externaltools.gnu-tools-for-stm32.9-2020-q2-update.win32_1.5.0.202011040924/tools/bin/../lib/gcc/arm-none-eabi/9.3.1/../../../../arm-none-eabi/lib/thumb/v7e-m+fp/hard\libnosys.a
END GROUP
LOAD c:/st/stm32cubeide_1.6.0/stm32cubeide/plugins/com.st.stm32cube.ide.mcu.externaltools.gnu-tools-for-stm32.9-2020-q2-update.win32_1.5.0.202011040924/tools/bin/../lib/gcc/arm-none-eabi/9.3.1/thumb/v7e-m+fp/hard/crtend.o
LOAD c:/st/stm32cubeide_1.6.0/stm32cubeide/plugins/com.st.stm32cube.ide.mcu.externaltools.gnu-tools-for-stm32.9-2020-q2-update.win32_1.5.0.202011040924/tools/bin/../lib/gcc/arm-none-eabi/9.3.1/thumb/v7e-m+fp/hard/crtn.o
                0x0000000020020000                _estack = (ORIGIN (RAM) + LENGTH (RAM))
                0x0000000000000200                _Min_Heap_Size = 0x200
                0x0000000000000400                _Min_Stack_Size = 0x400

.isr_vector     0x0000000008000000      0x1a8
                0x0000000008000000                . = ALIGN (0x4)
 *(.isr_vector)
 .isr_vector    0x0000000008000000      0x1a8 Startup/startup_stm32f407vgtx.o
                0x0000000008000000                g_pfnVectors
                0x00000000080001a8                . = ALIGN (0x4)

.text           0x00000000080001a8      0x3c4
                0x00000000080001a8                . = ALIGN (0x4)
 *(.text)
 .text          0x00000000080001a8       0x40 c:/st/stm32cubeide_1.6.0/stm32cubeide/plugins/com.st.stm32cube.ide.mcu.externaltools.gnu-tools-for-stm32.9-2020-q2-update.win32_1.5.0.202011040924/tools/bin/../lib/gcc/arm-none-eabi/9.3.1/thumb/v7e-m+fp/hard/crtbegin.o
 *(.text*)
 .text.RCC_Config
                0x00000000080001e8       0x20 Src/led.o
                0x00000000080001e8                RCC_Config
 .text.GPIO_Config
                0x0000000008000208       0x20 Src/led.o
                0x0000000008000208                GPIO_Config
 .text.LED_BLUE_ON
                0x0000000008000228       0x20 Src/led.o
                0x0000000008000228                LED_BLUE_ON
 .text.LED_BLUE_OFF
                0x0000000008000248       0x20 Src/led.o
                0x0000000008000248                LED_BLUE_OFF
 .text.LED_RED_ON
                0x0000000008000268       0x20 Src/led.o
                0x0000000008000268                LED_RED_ON
 .text.main     0x0000000008000288       0x34 Src/main.o
                0x0000000008000288                main
 .text.blue_led_on
                0x00000000080002bc        0xc Src/main.o
                0x00000000080002bc                blue_led_on
 .text.blue_led_off
                0x00000000080002c8        0xc Src/main.o
                0x00000000080002c8                blue_led_off
 .text.red_led_on
                0x00000000080002d4        0xc Src/main.o
                0x00000000080002d4                red_led_on
 .text.YTY_Delay
                0x00000000080002e0       0x44 Src/timebase.o
                0x00000000080002e0                YTY_Delay
 .text.Tick_Increment
                0x0000000008000324       0x24 Src/timebase.o
                0x0000000008000324                Tick_Increment
 .text.Get_Tick
                0x0000000008000348       0x2c Src/timebase.o
                0x0000000008000348                Get_Tick
 .text.YTY_TIME_BASE_INIT
                0x0000000008000374       0x4c Src/timebase.o
                0x0000000008000374                YTY_TIME_BASE_INIT
 .text.SysTick_Handler
                0x00000000080003c0        0xc Src/timebase.o
                0x00000000080003c0                SysTick_Handler
 .text.UART_TRANSMIT_Config
                0x00000000080003cc       0x9c Src/uart.o
                0x00000000080003cc                UART_TRANSMIT_Config
 .text.UART_SET_BAUDRATE
                0x0000000008000468       0x28 Src/uart.o
 .text.COMPUTE_UART_BAUDRATE
                0x0000000008000490       0x26 Src/uart.o
 *fill*         0x00000000080004b6        0x2 
 .text.Reset_Handler
                0x00000000080004b8       0x50 Startup/startup_stm32f407vgtx.o
                0x00000000080004b8                Reset_Handler
 .text.Default_Handler
                0x0000000008000508        0x2 Startup/startup_stm32f407vgtx.o
                0x0000000008000508                RTC_Alarm_IRQHandler
                0x0000000008000508                HASH_RNG_IRQHandler
                0x0000000008000508                EXTI2_IRQHandler
                0x0000000008000508                TIM8_CC_IRQHandler
                0x0000000008000508                DebugMon_Handler
                0x0000000008000508                TIM1_CC_IRQHandler
                0x0000000008000508                DMA2_Stream5_IRQHandler
                0x0000000008000508                HardFault_Handler
                0x0000000008000508                DMA1_Stream5_IRQHandler
                0x0000000008000508                PVD_IRQHandler
                0x0000000008000508                SDIO_IRQHandler
                0x0000000008000508                TAMP_STAMP_IRQHandler
                0x0000000008000508                PendSV_Handler
                0x0000000008000508                NMI_Handler
                0x0000000008000508                CAN2_RX1_IRQHandler
                0x0000000008000508                EXTI3_IRQHandler
                0x0000000008000508                TIM8_TRG_COM_TIM14_IRQHandler
                0x0000000008000508                TIM1_UP_TIM10_IRQHandler
                0x0000000008000508                TIM8_UP_TIM13_IRQHandler
                0x0000000008000508                I2C3_ER_IRQHandler
                0x0000000008000508                LCD_TFT_IRQHandler
                0x0000000008000508                EXTI0_IRQHandler
                0x0000000008000508                I2C2_EV_IRQHandler
                0x0000000008000508                DMA1_Stream2_IRQHandler
                0x0000000008000508                CAN1_RX0_IRQHandler
                0x0000000008000508                FPU_IRQHandler
                0x0000000008000508                OTG_HS_WKUP_IRQHandler
                0x0000000008000508                UsageFault_Handler
                0x0000000008000508                CAN2_SCE_IRQHandler
                0x0000000008000508                DMA2_Stream2_IRQHandler
                0x0000000008000508                SPI1_IRQHandler
                0x0000000008000508                TIM6_DAC_IRQHandler
                0x0000000008000508                TIM1_BRK_TIM9_IRQHandler
                0x0000000008000508                DCMI_IRQHandler
                0x0000000008000508                CAN2_RX0_IRQHandler
                0x0000000008000508                DMA2_Stream3_IRQHandler
                0x0000000008000508                USART6_IRQHandler
                0x0000000008000508                USART3_IRQHandler
                0x0000000008000508                CRYP_IRQHandler
                0x0000000008000508                CAN1_RX1_IRQHandler
                0x0000000008000508                UART5_IRQHandler
                0x0000000008000508                DMA2_Stream0_IRQHandler
                0x0000000008000508                TIM4_IRQHandler
                0x0000000008000508                I2C1_EV_IRQHandler
                0x0000000008000508                DMA1_Stream6_IRQHandler
                0x0000000008000508                DMA1_Stream1_IRQHandler
                0x0000000008000508                UART4_IRQHandler
                0x0000000008000508                LCD_TFT_1_IRQHandler
                0x0000000008000508                TIM3_IRQHandler
                0x0000000008000508                RCC_IRQHandler
                0x0000000008000508                TIM8_BRK_TIM12_IRQHandler
                0x0000000008000508                Default_Handler
                0x0000000008000508                EXTI15_10_IRQHandler
                0x0000000008000508                ADC_IRQHandler
                0x0000000008000508                DMA1_Stream7_IRQHandler
                0x0000000008000508                TIM7_IRQHandler
                0x0000000008000508                CAN2_TX_IRQHandler
                0x0000000008000508                TIM5_IRQHandler
                0x0000000008000508                DMA2_Stream7_IRQHandler
                0x0000000008000508                I2C3_EV_IRQHandler
                0x0000000008000508                EXTI9_5_IRQHandler
                0x0000000008000508                RTC_WKUP_IRQHandler
                0x0000000008000508                ETH_WKUP_IRQHandler
                0x0000000008000508                SPI2_IRQHandler
                0x0000000008000508                OTG_HS_EP1_IN_IRQHandler
                0x0000000008000508                MemManage_Handler
                0x0000000008000508                DMA1_Stream0_IRQHandler
                0x0000000008000508                CAN1_TX_IRQHandler
                0x0000000008000508                SVC_Handler
                0x0000000008000508                EXTI4_IRQHandler
                0x0000000008000508                FSMC_IRQHandler
                0x0000000008000508                ETH_IRQHandler
                0x0000000008000508                OTG_HS_EP1_OUT_IRQHandler
                0x0000000008000508                WWDG_IRQHandler
                0x0000000008000508                TIM2_IRQHandler
                0x0000000008000508                OTG_FS_WKUP_IRQHandler
                0x0000000008000508                TIM1_TRG_COM_TIM11_IRQHandler
                0x0000000008000508                OTG_HS_IRQHandler
                0x0000000008000508                EXTI1_IRQHandler
                0x0000000008000508                USART2_IRQHandler
                0x0000000008000508                I2C2_ER_IRQHandler
                0x0000000008000508                DMA2_Stream1_IRQHandler
                0x0000000008000508                CAN1_SCE_IRQHandler
                0x0000000008000508                DMA2_Stream4_IRQHandler
                0x0000000008000508                BusFault_Handler
                0x0000000008000508                USART1_IRQHandler
                0x0000000008000508                OTG_FS_IRQHandler
                0x0000000008000508                SPI3_IRQHandler
                0x0000000008000508                DMA1_Stream4_IRQHandler
                0x0000000008000508                I2C1_ER_IRQHandler
                0x0000000008000508                DMA2_Stream6_IRQHandler
                0x0000000008000508                DMA1_Stream3_IRQHandler
 *fill*         0x000000000800050a        0x2 
 .text.__libc_init_array
                0x000000000800050c       0x48 c:/st/stm32cubeide_1.6.0/stm32cubeide/plugins/com.st.stm32cube.ide.mcu.externaltools.gnu-tools-for-stm32.9-2020-q2-update.win32_1.5.0.202011040924/tools/bin/../lib/gcc/arm-none-eabi/9.3.1/../../../../arm-none-eabi/lib/thumb/v7e-m+fp/hard\libc_nano.a(lib_a-init.o)
                0x000000000800050c                __libc_init_array
 *(.glue_7)
 .glue_7        0x0000000008000554        0x0 linker stubs
 *(.glue_7t)
 .glue_7t       0x0000000008000554        0x0 linker stubs
 *(.eh_frame)
 .eh_frame      0x0000000008000554        0x0 c:/st/stm32cubeide_1.6.0/stm32cubeide/plugins/com.st.stm32cube.ide.mcu.externaltools.gnu-tools-for-stm32.9-2020-q2-update.win32_1.5.0.202011040924/tools/bin/../lib/gcc/arm-none-eabi/9.3.1/thumb/v7e-m+fp/hard/crtbegin.o
 *(.init)
 .init          0x0000000008000554        0x4 c:/st/stm32cubeide_1.6.0/stm32cubeide/plugins/com.st.stm32cube.ide.mcu.externaltools.gnu-tools-for-stm32.9-2020-q2-update.win32_1.5.0.202011040924/tools/bin/../lib/gcc/arm-none-eabi/9.3.1/thumb/v7e-m+fp/hard/crti.o
                0x0000000008000554                _init
 .init          0x0000000008000558        0x8 c:/st/stm32cubeide_1.6.0/stm32cubeide/plugins/com.st.stm32cube.ide.mcu.externaltools.gnu-tools-for-stm32.9-2020-q2-update.win32_1.5.0.202011040924/tools/bin/../lib/gcc/arm-none-eabi/9.3.1/thumb/v7e-m+fp/hard/crtn.o
 *(.fini)
 .fini          0x0000000008000560        0x4 c:/st/stm32cubeide_1.6.0/stm32cubeide/plugins/com.st.stm32cube.ide.mcu.externaltools.gnu-tools-for-stm32.9-2020-q2-update.win32_1.5.0.202011040924/tools/bin/../lib/gcc/arm-none-eabi/9.3.1/thumb/v7e-m+fp/hard/crti.o
                0x0000000008000560                _fini
 .fini          0x0000000008000564        0x8 c:/st/stm32cubeide_1.6.0/stm32cubeide/plugins/com.st.stm32cube.ide.mcu.externaltools.gnu-tools-for-stm32.9-2020-q2-update.win32_1.5.0.202011040924/tools/bin/../lib/gcc/arm-none-eabi/9.3.1/thumb/v7e-m+fp/hard/crtn.o
                0x000000000800056c                . = ALIGN (0x4)
                0x000000000800056c                _etext = .

.vfp11_veneer   0x000000000800056c        0x0
 .vfp11_veneer  0x000000000800056c        0x0 linker stubs

.v4_bx          0x000000000800056c        0x0
 .v4_bx         0x000000000800056c        0x0 linker stubs

.iplt           0x000000000800056c        0x0
 .iplt          0x000000000800056c        0x0 c:/st/stm32cubeide_1.6.0/stm32cubeide/plugins/com.st.stm32cube.ide.mcu.externaltools.gnu-tools-for-stm32.9-2020-q2-update.win32_1.5.0.202011040924/tools/bin/../lib/gcc/arm-none-eabi/9.3.1/thumb/v7e-m+fp/hard/crtbegin.o

.rel.dyn        0x000000000800056c        0x0
 .rel.iplt      0x000000000800056c        0x0 c:/st/stm32cubeide_1.6.0/stm32cubeide/plugins/com.st.stm32cube.ide.mcu.externaltools.gnu-tools-for-stm32.9-2020-q2-update.win32_1.5.0.202011040924/tools/bin/../lib/gcc/arm-none-eabi/9.3.1/thumb/v7e-m+fp/hard/crtbegin.o

.rodata         0x000000000800056c        0x0
                0x000000000800056c                . = ALIGN (0x4)
 *(.rodata)
 *(.rodata*)
                0x000000000800056c                . = ALIGN (0x4)

.ARM.extab      0x000000000800056c        0x0
                0x000000000800056c                . = ALIGN (0x4)
 *(.ARM.extab* .gnu.linkonce.armextab.*)
                0x000000000800056c                . = ALIGN (0x4)

.ARM            0x000000000800056c        0x0
                0x000000000800056c                . = ALIGN (0x4)
                0x000000000800056c                __exidx_start = .
 *(.ARM.exidx*)
                0x000000000800056c                __exidx_end = .
                0x000000000800056c                . = ALIGN (0x4)

.preinit_array  0x000000000800056c        0x0
                0x000000000800056c                . = ALIGN (0x4)
                0x000000000800056c                PROVIDE (__preinit_array_start = .)
 *(.preinit_array*)
                0x000000000800056c                PROVIDE (__preinit_array_end = .)
                0x000000000800056c                . = ALIGN (0x4)

.init_array     0x000000000800056c        0x4
                0x000000000800056c                . = ALIGN (0x4)
                0x000000000800056c                PROVIDE (__init_array_start = .)
 *(SORT_BY_NAME(.init_array.*))
 *(.init_array*)
 .init_array    0x000000000800056c        0x4 c:/st/stm32cubeide_1.6.0/stm32cubeide/plugins/com.st.stm32cube.ide.mcu.externaltools.gnu-tools-for-stm32.9-2020-q2-update.win32_1.5.0.202011040924/tools/bin/../lib/gcc/arm-none-eabi/9.3.1/thumb/v7e-m+fp/hard/crtbegin.o
                0x0000000008000570                PROVIDE (__init_array_end = .)
                0x0000000008000570                . = ALIGN (0x4)

.fini_array     0x0000000008000570        0x4
                0x0000000008000570                . = ALIGN (0x4)
                [!provide]                        PROVIDE (__fini_array_start = .)
 *(SORT_BY_NAME(.fini_array.*))
 *(.fini_array*)
 .fini_array    0x0000000008000570        0x4 c:/st/stm32cubeide_1.6.0/stm32cubeide/plugins/com.st.stm32cube.ide.mcu.externaltools.gnu-tools-for-stm32.9-2020-q2-update.win32_1.5.0.202011040924/tools/bin/../lib/gcc/arm-none-eabi/9.3.1/thumb/v7e-m+fp/hard/crtbegin.o
                [!provide]                        PROVIDE (__fini_array_end = .)
                0x0000000008000574                . = ALIGN (0x4)
                0x0000000008000574                _sidata = LOADADDR (.data)

.data           0x0000000020000000        0x4 load address 0x0000000008000574
                0x0000000020000000                . = ALIGN (0x4)
                0x0000000020000000                _sdata = .
 *(.data)
 *(.data*)
 .data.tick_freq
                0x0000000020000000        0x4 Src/timebase.o
                0x0000000020000000                tick_freq
 *(.RamFunc)
 *(.RamFunc*)
                0x0000000020000004                . = ALIGN (0x4)
                0x0000000020000004                _edata = .

.igot.plt       0x0000000020000004        0x0 load address 0x0000000008000578
 .igot.plt      0x0000000020000004        0x0 c:/st/stm32cubeide_1.6.0/stm32cubeide/plugins/com.st.stm32cube.ide.mcu.externaltools.gnu-tools-for-stm32.9-2020-q2-update.win32_1.5.0.202011040924/tools/bin/../lib/gcc/arm-none-eabi/9.3.1/thumb/v7e-m+fp/hard/crtbegin.o
                0x0000000020000004                . = ALIGN (0x4)

.bss            0x0000000020000004       0x24 load address 0x0000000008000578
                0x0000000020000004                _sbss = .
                0x0000000020000004                __bss_start__ = _sbss
 *(.bss)
 .bss           0x0000000020000004       0x1c c:/st/stm32cubeide_1.6.0/stm32cubeide/plugins/com.st.stm32cube.ide.mcu.externaltools.gnu-tools-for-stm32.9-2020-q2-update.win32_1.5.0.202011040924/tools/bin/../lib/gcc/arm-none-eabi/9.3.1/thumb/v7e-m+fp/hard/crtbegin.o
 *(.bss*)
 *(COMMON)
 COMMON         0x0000000020000020        0x8 Src/timebase.o
                0x0000000020000020                g_curr_tick
                0x0000000020000024                g_curr_tick_prime
                0x0000000020000028                . = ALIGN (0x4)
                0x0000000020000028                _ebss = .
                0x0000000020000028                __bss_end__ = _ebss

._user_heap_stack
                0x0000000020000028      0x600 load address 0x0000000008000578
                0x0000000020000028                . = ALIGN (0x8)
                [!provide]                        PROVIDE (end = .)
                0x0000000020000028                PROVIDE (_end = .)
                0x0000000020000228                . = (. + _Min_Heap_Size)
 *fill*         0x0000000020000028      0x200 
                0x0000000020000628                . = (. + _Min_Stack_Size)
 *fill*         0x0000000020000228      0x400 
                0x0000000020000628                . = ALIGN (0x8)

/DISCARD/
 libc.a(*)
 libm.a(*)
 libgcc.a(*)

.ARM.attributes
                0x0000000000000000       0x30
 *(.ARM.attributes)
 .ARM.attributes
                0x0000000000000000       0x1e c:/st/stm32cubeide_1.6.0/stm32cubeide/plugins/com.st.stm32cube.ide.mcu.externaltools.gnu-tools-for-stm32.9-2020-q2-update.win32_1.5.0.202011040924/tools/bin/../lib/gcc/arm-none-eabi/9.3.1/thumb/v7e-m+fp/hard/crti.o
 .ARM.attributes
                0x000000000000001e       0x34 c:/st/stm32cubeide_1.6.0/stm32cubeide/plugins/com.st.stm32cube.ide.mcu.externaltools.gnu-tools-for-stm32.9-2020-q2-update.win32_1.5.0.202011040924/tools/bin/../lib/gcc/arm-none-eabi/9.3.1/thumb/v7e-m+fp/hard/crtbegin.o
 .ARM.attributes
                0x0000000000000052       0x34 Src/led.o
 .ARM.attributes
                0x0000000000000086       0x34 Src/main.o
 .ARM.attributes
                0x00000000000000ba       0x34 Src/timebase.o
 .ARM.attributes
                0x00000000000000ee       0x34 Src/uart.o
 .ARM.attributes
                0x0000000000000122       0x21 Startup/startup_stm32f407vgtx.o
 .ARM.attributes
                0x0000000000000143       0x34 c:/st/stm32cubeide_1.6.0/stm32cubeide/plugins/com.st.stm32cube.ide.mcu.externaltools.gnu-tools-for-stm32.9-2020-q2-update.win32_1.5.0.202011040924/tools/bin/../lib/gcc/arm-none-eabi/9.3.1/../../../../arm-none-eabi/lib/thumb/v7e-m+fp/hard\libc_nano.a(lib_a-init.o)
 .ARM.attributes
                0x0000000000000177       0x1e c:/st/stm32cubeide_1.6.0/stm32cubeide/plugins/com.st.stm32cube.ide.mcu.externaltools.gnu-tools-for-stm32.9-2020-q2-update.win32_1.5.0.202011040924/tools/bin/../lib/gcc/arm-none-eabi/9.3.1/thumb/v7e-m+fp/hard/crtn.o
OUTPUT(BUILD_OWN_RTOS_SECTION_3_003.elf elf32-littlearm)
LOAD linker stubs
LOAD c:/st/stm32cubeide_1.6.0/stm32cubeide/plugins/com.st.stm32cube.ide.mcu.externaltools.gnu-tools-for-stm32.9-2020-q2-update.win32_1.5.0.202011040924/tools/bin/../lib/gcc/arm-none-eabi/9.3.1/../../../../arm-none-eabi/lib/thumb/v7e-m+fp/hard\libc.a
LOAD c:/st/stm32cubeide_1.6.0/stm32cubeide/plugins/com.st.stm32cube.ide.mcu.externaltools.gnu-tools-for-stm32.9-2020-q2-update.win32_1.5.0.202011040924/tools/bin/../lib/gcc/arm-none-eabi/9.3.1/../../../../arm-none-eabi/lib/thumb/v7e-m+fp/hard\libm.a
LOAD c:/st/stm32cubeide_1.6.0/stm32cubeide/plugins/com.st.stm32cube.ide.mcu.externaltools.gnu-tools-for-stm32.9-2020-q2-update.win32_1.5.0.202011040924/tools/bin/../lib/gcc/arm-none-eabi/9.3.1/thumb/v7e-m+fp/hard\libgcc.a

.debug_info     0x0000000000000000     0x1eda
 .debug_info    0x0000000000000000      0x470 Src/led.o
 .debug_info    0x0000000000000470      0xa24 Src/main.o
 .debug_info    0x0000000000000e94      0x289 Src/timebase.o
 .debug_info    0x000000000000111d      0xd9b Src/uart.o
 .debug_info    0x0000000000001eb8       0x22 Startup/startup_stm32f407vgtx.o

.debug_abbrev   0x0000000000000000      0x680
 .debug_abbrev  0x0000000000000000       0xdc Src/led.o
 .debug_abbrev  0x00000000000000dc      0x1b7 Src/main.o
 .debug_abbrev  0x0000000000000293      0x1a3 Src/timebase.o
 .debug_abbrev  0x0000000000000436      0x238 Src/uart.o
 .debug_abbrev  0x000000000000066e       0x12 Startup/startup_stm32f407vgtx.o

.debug_aranges  0x0000000000000000      0x160
 .debug_aranges
                0x0000000000000000       0x78 Src/led.o
 .debug_aranges
                0x0000000000000078       0x40 Src/main.o
 .debug_aranges
                0x00000000000000b8       0x40 Src/timebase.o
 .debug_aranges
                0x00000000000000f8       0x40 Src/uart.o
 .debug_aranges
                0x0000000000000138       0x28 Startup/startup_stm32f407vgtx.o

.debug_ranges   0x0000000000000000      0x118
 .debug_ranges  0x0000000000000000       0x68 Src/led.o
 .debug_ranges  0x0000000000000068       0x30 Src/main.o
 .debug_ranges  0x0000000000000098       0x30 Src/timebase.o
 .debug_ranges  0x00000000000000c8       0x30 Src/uart.o
 .debug_ranges  0x00000000000000f8       0x20 Startup/startup_stm32f407vgtx.o

.debug_macro    0x0000000000000000    0x19435
 .debug_macro   0x0000000000000000      0x120 Src/led.o
 .debug_macro   0x0000000000000120      0xa9c Src/led.o
 .debug_macro   0x0000000000000bbc       0x2e Src/led.o
 .debug_macro   0x0000000000000bea       0x2f Src/led.o
 .debug_macro   0x0000000000000c19       0x22 Src/led.o
 .debug_macro   0x0000000000000c3b       0x8e Src/led.o
 .debug_macro   0x0000000000000cc9       0x51 Src/led.o
 .debug_macro   0x0000000000000d1a      0x103 Src/led.o
 .debug_macro   0x0000000000000e1d       0x6a Src/led.o
 .debug_macro   0x0000000000000e87      0x1df Src/led.o
 .debug_macro   0x0000000000001066       0x1c Src/led.o
 .debug_macro   0x0000000000001082       0x22 Src/led.o
 .debug_macro   0x00000000000010a4       0xdf Src/led.o
 .debug_macro   0x0000000000001183     0x102d Src/led.o
 .debug_macro   0x00000000000021b0      0x11f Src/led.o
 .debug_macro   0x00000000000022cf    0x15e82 Src/led.o
 .debug_macro   0x0000000000018151       0x6d Src/led.o
 .debug_macro   0x00000000000181be      0x250 Src/main.o
 .debug_macro   0x000000000001840e       0x52 Src/main.o
 .debug_macro   0x0000000000018460       0x18 Src/main.o
 .debug_macro   0x0000000000018478       0x3c Src/main.o
 .debug_macro   0x00000000000184b4       0x34 Src/main.o
 .debug_macro   0x00000000000184e8       0x16 Src/main.o
 .debug_macro   0x00000000000184fe       0x97 Src/main.o
 .debug_macro   0x0000000000018595      0x333 Src/main.o
 .debug_macro   0x00000000000188c8       0xfd Src/main.o
 .debug_macro   0x00000000000189c5       0x10 Src/main.o
 .debug_macro   0x00000000000189d5       0x16 Src/main.o
 .debug_macro   0x00000000000189eb       0x43 Src/main.o
 .debug_macro   0x0000000000018a2e       0x34 Src/main.o
 .debug_macro   0x0000000000018a62       0x10 Src/main.o
 .debug_macro   0x0000000000018a72       0x58 Src/main.o
 .debug_macro   0x0000000000018aca       0x71 Src/main.o
 .debug_macro   0x0000000000018b3b       0x1c Src/main.o
 .debug_macro   0x0000000000018b57      0x12a Src/main.o
 .debug_macro   0x0000000000018c81       0x10 Src/main.o
 .debug_macro   0x0000000000018c91       0x1c Src/main.o
 .debug_macro   0x0000000000018cad       0x52 Src/main.o
 .debug_macro   0x0000000000018cff       0x22 Src/main.o
 .debug_macro   0x0000000000018d21       0x10 Src/main.o
 .debug_macro   0x0000000000018d31       0x40 Src/main.o
 .debug_macro   0x0000000000018d71       0xd5 Src/main.o
 .debug_macro   0x0000000000018e46       0x1c Src/main.o
 .debug_macro   0x0000000000018e62       0x3d Src/main.o
 .debug_macro   0x0000000000018e9f       0x16 Src/main.o
 .debug_macro   0x0000000000018eb5      0x145 Src/main.o
 .debug_macro   0x0000000000018ffa       0xfc Src/timebase.o
 .debug_macro   0x00000000000190f6      0x266 Src/uart.o
 .debug_macro   0x000000000001935c       0xd9 Src/uart.o

.debug_line     0x0000000000000000     0x1a80
 .debug_line    0x0000000000000000      0x5c7 Src/led.o
 .debug_line    0x00000000000005c7      0x74e Src/main.o
 .debug_line    0x0000000000000d15      0x592 Src/timebase.o
 .debug_line    0x00000000000012a7      0x755 Src/uart.o
 .debug_line    0x00000000000019fc       0x84 Startup/startup_stm32f407vgtx.o

.debug_str      0x0000000000000000    0x8c81a
 .debug_str     0x0000000000000000    0x881e6 Src/led.o
                                      0x88364 (size before relaxing)
 .debug_str     0x00000000000881e6     0x436e Src/main.o
                                      0x8c522 (size before relaxing)
 .debug_str     0x000000000008c554      0x14b Src/timebase.o
                                      0x88213 (size before relaxing)
 .debug_str     0x000000000008c69f      0x14a Src/uart.o
                                      0x8c744 (size before relaxing)
 .debug_str     0x000000000008c7e9       0x31 Startup/startup_stm32f407vgtx.o
                                         0x67 (size before relaxing)

.comment        0x0000000000000000       0x53
 .comment       0x0000000000000000       0x53 Src/led.o
                                         0x54 (size before relaxing)
 .comment       0x0000000000000053       0x54 Src/main.o
 .comment       0x0000000000000053       0x54 Src/timebase.o
 .comment       0x0000000000000053       0x54 Src/uart.o

.debug_frame    0x0000000000000000      0x3cc
 .debug_frame   0x0000000000000000      0x190 Src/led.o
 .debug_frame   0x0000000000000190       0x9c Src/main.o
 .debug_frame   0x000000000000022c       0xb0 Src/timebase.o
 .debug_frame   0x00000000000002dc       0xc4 Src/uart.o
 .debug_frame   0x00000000000003a0       0x2c c:/st/stm32cubeide_1.6.0/stm32cubeide/plugins/com.st.stm32cube.ide.mcu.externaltools.gnu-tools-for-stm32.9-2020-q2-update.win32_1.5.0.202011040924/tools/bin/../lib/gcc/arm-none-eabi/9.3.1/../../../../arm-none-eabi/lib/thumb/v7e-m+fp/hard\libc_nano.a(lib_a-init.o)
